AR vga_controller behavior /home/student1/d3krishn/Desktop/GAME/VGAController.vhd sub00/vhpl03 1447551304
AR game behavioral "/home/student2/acayabya/Desktop/Pong Game/GAME/VGAController.vhd" sub00/vhpl01 1541986749
EN game NULL "/home/student2/acayabya/Desktop/Pong Game/GAME/VGAController.vhd" sub00/vhpl00 1541986748
EN vga_controller NULL /home/student1/d3krishn/Desktop/GAME/VGAController.vhd sub00/vhpl02 1447551303
