V3 5
FL /home/student1/d3krishn/Desktop/GAME/VGAController.vhd 2015/11/26.13:37:00 O.76xd
FL "/home/student2/acayabya/Desktop/Pong Game/GAME/VGAController.vhd" 2018/11/11.20:38:29 O.76xd
EN work/Game 1541986748 \
      FL "/home/student2/acayabya/Desktop/Pong Game/GAME/VGAController.vhd" \
      PB ieee/std_logic_1164 1317710503 PB ieee/NUMERIC_STD 1317710508
AR work/Game/Behavioral 1541986749 \
      FL "/home/student2/acayabya/Desktop/Pong Game/GAME/VGAController.vhd" \
      EN work/Game 1541986748
FL "/home/student2/radezoys/Desktop/Pong Game/GAME/VGAController.vhd" 2017/11/17.11:48:41 O.76xd
